// Jest Snapshot v1, https://goo.gl/fbAQLP

exports[`EntryDetailsScreen should match snapshot 1`] = `
<View
  style={
    Object {
      "flex": 1,
    }
  }
>
  <View
    style={
      Object {
        "backgroundColor": "#0e0e0e",
        "flex": 1,
        "paddingBottom": 64,
      }
    }
  >
    <RCTScrollView>
      <View>
        <View
          style={
            Object {
              "backgroundColor": "#181818",
              "borderRadius": 10,
              "height": 120,
              "marginLeft": 16,
              "marginRight": 16,
              "marginTop": 16,
              "overflow": "hidden",
              "padding": 24,
            }
          }
        >
          <View
            style={
              Object {
                "flexDirection": "row",
                "justifyContent": "space-between",
              }
            }
          >
            <View
              style={
                Object {
                  "display": "flex",
                  "flexDirection": "column",
                }
              }
            >
              <Text
                style={
                  Object {
                    "color": "#f3eded",
                    "fontFamily": "Lato",
                    "fontSize": 13,
                    "marginRight": 8,
                  }
                }
              >
                2021
              </Text>
              <View
                style={
                  Object {
                    "display": "flex",
                    "flexDirection": "row",
                  }
                }
              >
                <Text
                  style={
                    Object {
                      "color": "#f3eded",
                      "fontFamily": "Lato",
                      "fontSize": 22,
                      "marginRight": 8,
                    }
                  }
                >
                  Jan 07
                </Text>
                <Text
                  style={
                    Object {
                      "color": "#f3eded",
                      "fontFamily": "Lato",
                      "fontSize": 15,
                      "marginRight": 8,
                      "marginTop": 6,
                    }
                  }
                >
                  16:10
                </Text>
              </View>
            </View>
          </View>
          <Text
            style={
              Array [
                Object {
                  "bottom": 24,
                  "color": "#f3eded",
                  "fontSize": 28,
                  "left": 16,
                  "position": "absolute",
                },
                Object {
                  "bottom": 30,
                },
              ]
            }
          >
            RUN
          </Text>
          <Text
            numberOfLines={1}
            style={
              Object {
                "bottom": 10,
                "color": "#7e7e7e",
                "fontFamily": "Lato",
                "fontSize": 17,
                "left": 16,
                "position": "absolute",
                "zIndex": 1,
              }
            }
          >
            YES
          </Text>
          <View
            style={
              Object {
                "alignItems": "center",
              }
            }
          >
            <Text
              allowFontScaling={false}
              style={
                Array [
                  Object {
                    "color": "#262626",
                    "fontSize": 200,
                  },
                  Object {
                    "color": "#262626",
                    "position": "absolute",
                    "right": -30,
                    "top": -90,
                    "transform": Array [
                      Object {
                        "rotateY": "180deg",
                      },
                    ],
                  },
                  Object {
                    "fontFamily": "FontAwesome5Free-Solid",
                    "fontStyle": "normal",
                    "fontWeight": "normal",
                  },
                  Object {
                    "fontWeight": "700",
                  },
                ]
              }
            >
              
            </Text>
          </View>
        </View>
        <View
          style={
            Object {
              "display": "flex",
              "flexDirection": "row",
              "justifyContent": "space-between",
            }
          }
        >
          <View
            style={
              Array [
                Object {
                  "backgroundColor": "#181818",
                  "borderRadius": 10,
                  "flexGrow": 1,
                  "marginLeft": 16,
                  "marginRight": 16,
                  "marginTop": 16,
                  "padding": 24,
                },
                Object {
                  "flexBasis": 1,
                },
              ]
            }
          >
            <View
              style={
                Object {
                  "position": "absolute",
                  "right": 16,
                  "top": "50%",
                }
              }
            >
              <Text
                allowFontScaling={false}
                style={
                  Array [
                    Object {
                      "color": "#f3eded",
                      "fontSize": 32,
                    },
                    undefined,
                    Object {
                      "fontFamily": "material-community",
                      "fontStyle": "normal",
                      "fontWeight": "normal",
                    },
                    Object {},
                  ]
                }
              >
                󰣰
              </Text>
            </View>
            <Text
              style={
                Object {
                  "color": "#f3eded",
                  "fontFamily": "Lato",
                  "fontSize": 17,
                  "marginBottom": 4,
                }
              }
            >
              Distance
            </Text>
            <Text
              style={
                Object {
                  "color": "#f3eded",
                  "fontFamily": "Lato",
                  "fontSize": 17,
                  "maxWidth": "90%",
                }
              }
            >
              <Text
                style={
                  Array [
                    Object {
                      "color": "#f3eded",
                      "fontFamily": "Lato",
                      "fontSize": 17,
                    },
                    Object {},
                  ]
                }
              >
                15km
              </Text>
            </Text>
          </View>
          <View
            style={
              Array [
                Object {
                  "backgroundColor": "#181818",
                  "borderRadius": 10,
                  "flexGrow": 1,
                  "marginLeft": 16,
                  "marginRight": 16,
                  "marginTop": 16,
                  "padding": 24,
                },
                Object {
                  "flexBasis": 1,
                },
              ]
            }
          >
            <View
              style={
                Object {
                  "position": "absolute",
                  "right": 16,
                  "top": "50%",
                }
              }
            >
              <Text
                allowFontScaling={false}
                style={
                  Array [
                    Object {
                      "color": "#f3eded",
                      "fontSize": 32,
                    },
                    undefined,
                    Object {
                      "fontFamily": "material",
                      "fontStyle": "normal",
                      "fontWeight": "normal",
                    },
                    Object {},
                  ]
                }
              >
                
              </Text>
            </View>
            <Text
              style={
                Object {
                  "color": "#f3eded",
                  "fontFamily": "Lato",
                  "fontSize": 17,
                  "marginBottom": 4,
                }
              }
            >
              Duration
            </Text>
            <Text
              style={
                Object {
                  "color": "#f3eded",
                  "fontFamily": "Lato",
                  "fontSize": 17,
                  "maxWidth": "90%",
                }
              }
            >
              <Text
                style={
                  Array [
                    Object {
                      "color": "#f3eded",
                      "fontFamily": "Lato",
                      "fontSize": 17,
                    },
                    Object {},
                    Object {
                      "backgroundColor": "transparent",
                    },
                  ]
                }
              >
                1h 06min
              </Text>
            </Text>
          </View>
        </View>
        <View
          style={
            Object {
              "display": "flex",
              "flexDirection": "row",
              "justifyContent": "space-between",
            }
          }
        >
          <View
            style={
              Array [
                Object {
                  "backgroundColor": "#181818",
                  "borderRadius": 10,
                  "flexGrow": 1,
                  "marginLeft": 16,
                  "marginRight": 16,
                  "marginTop": 16,
                  "padding": 24,
                },
                Object {
                  "flexBasis": 1,
                },
              ]
            }
          >
            <View
              style={
                Object {
                  "position": "absolute",
                  "right": 16,
                  "top": "50%",
                }
              }
            >
              <Text
                allowFontScaling={false}
                style={
                  Array [
                    Object {
                      "color": "#f3eded",
                      "fontSize": 32,
                    },
                    undefined,
                    Object {
                      "fontFamily": "material",
                      "fontStyle": "normal",
                      "fontWeight": "normal",
                    },
                    Object {},
                  ]
                }
              >
                
              </Text>
            </View>
            <Text
              style={
                Object {
                  "color": "#f3eded",
                  "fontFamily": "Lato",
                  "fontSize": 17,
                  "marginBottom": 4,
                }
              }
            >
              Pace
            </Text>
            <Text
              style={
                Object {
                  "color": "#f3eded",
                  "fontFamily": "Lato",
                  "fontSize": 17,
                  "maxWidth": "90%",
                }
              }
            >
              <Text>
                KM / 
              </Text>
              <View />
              <Text
                style={
                  Array [
                    Object {
                      "color": "#f3eded",
                      "fontFamily": "Lato",
                      "fontSize": 17,
                    },
                    Object {},
                    Object {
                      "backgroundColor": "transparent",
                    },
                  ]
                }
              >
                0h 04min
              </Text>
            </Text>
          </View>
        </View>
        <View
          style={
            Object {
              "backgroundColor": "#181818",
              "borderRadius": 10,
              "flexGrow": 1,
              "marginLeft": 16,
              "marginRight": 16,
              "marginTop": 16,
              "padding": 24,
            }
          }
        >
          <Text
            style={
              Object {
                "color": "#f3eded",
                "fontFamily": "Lato",
                "fontSize": 17,
                "marginBottom": 4,
              }
            }
          >
            Effort
          </Text>
          <ViewManagerAdapter_ExpoLinearGradient
            proxiedProperties={
              Object {
                "colors": Array [
                  4283276070,
                  4290230574,
                  4291507766,
                ],
                "endPoint": Array [
                  1,
                  0,
                ],
                "locations": undefined,
                "startPoint": Array [
                  0,
                  0,
                ],
              }
            }
            style={
              Object {
                "backgroundColor": "#f8bb03",
                "borderRadius": 10,
                "height": 10,
                "marginTop": 8,
                "width": "100%",
              }
            }
          >
            <View
              style={
                Array [
                  Object {
                    "backgroundColor": "#262626",
                    "borderColor": "#f3eded",
                    "borderRadius": 15,
                    "borderWidth": 5,
                    "elevation": 4,
                    "height": 24,
                    "left": -14,
                    "position": "absolute",
                    "top": -7,
                    "width": 24,
                  },
                  Object {
                    "left": "25%",
                  },
                ]
              }
            />
          </ViewManagerAdapter_ExpoLinearGradient>
          <View
            style={
              Object {
                "display": "flex",
                "flexDirection": "row",
                "justifyContent": "space-between",
                "marginTop": 16,
                "paddingLeft": 4,
                "paddingRight": 4,
              }
            }
          >
            <Text
              style={
                Object {
                  "color": "#7e7e7e",
                  "fontFamily": "Lato",
                  "fontSize": 14,
                }
              }
            >
              Light
            </Text>
            <Text
              style={
                Array [
                  Object {
                    "color": "#7e7e7e",
                    "fontFamily": "Lato",
                    "fontSize": 14,
                  },
                  Object {
                    "marginLeft": 22,
                  },
                ]
              }
            >
              Moderate
            </Text>
            <Text
              style={
                Object {
                  "color": "#7e7e7e",
                  "fontFamily": "Lato",
                  "fontSize": 14,
                }
              }
            >
              Vigorous
            </Text>
          </View>
        </View>
        <View
          style={
            Array [
              Object {
                "backgroundColor": "#181818",
                "borderRadius": 10,
                "flexGrow": 1,
                "marginLeft": 16,
                "marginRight": 16,
                "marginTop": 16,
                "padding": 24,
              },
              Object {
                "marginBottom": 16,
              },
            ]
          }
        >
          <View
            style={
              Object {
                "position": "absolute",
                "right": 16,
                "top": "50%",
              }
            }
          >
            <Text
              allowFontScaling={false}
              style={
                Array [
                  Object {
                    "color": "#f3eded",
                    "fontSize": 32,
                  },
                  undefined,
                  Object {
                    "fontFamily": "material-community",
                    "fontStyle": "normal",
                    "fontWeight": "normal",
                  },
                  Object {},
                ]
              }
            >
              󰎛
            </Text>
          </View>
          <Text
            style={
              Object {
                "color": "#f3eded",
                "fontFamily": "Lato",
                "fontSize": 17,
                "marginBottom": 4,
              }
            }
          >
            Note
          </Text>
          <Text
            style={
              Object {
                "color": "#f3eded",
                "fontFamily": "Lato",
                "fontSize": 17,
                "maxWidth": "90%",
              }
            }
          >
            Was really enjoying. Got into flow state.
          </Text>
        </View>
      </View>
    </RCTScrollView>
  </View>
</View>
`;
